// Jest Snapshot v1, https://goo.gl/fbAQLP

exports[`zwe-validate-commands (SHORT) config validate alias 1`] = `
"Temporary directory '/tmp/.zweenv-0000' created.
Zowe will remove it on success, but if zwe exits with a non-zero code manual cleanup would be needed.
TESTUSR0 INFO (zwe-internal-start-prepare) Zowe version: v3.3.0
TESTUSR0 INFO (zwe-internal-start-prepare) build and hash: {BUILD_BRANCH}#{BUILD_NUMBER} ({BUILD_COMMIT_HASH})
Validating Zowe core configuration for file(s)=/tmp/.zweenv-0000/.zowe-merged.yaml
Zowe core configuration is valid"
`;

exports[`zwe-validate-commands (SHORT) config validate alias 2`] = `
"Temporary directory '/tmp/.zweenv-0000' created.
Zowe will remove it on success, but if zwe exits with a non-zero code manual cleanup would be needed.
TESTUSR0 INFO (zwe-internal-start-prepare) Zowe version: v3.3.0
TESTUSR0 INFO (zwe-internal-start-prepare) build and hash: {BUILD_BRANCH}#{BUILD_NUMBER} ({BUILD_COMMIT_HASH})
Validating Zowe core configuration for file(s)=/tmp/.zweenv-0000/.zowe-merged.yaml
Zowe core configuration is valid"
`;
